Summary of person
Employer
	Employer->Employer ID[1.0] as "Employer ID"
	Employer->Name as "Name"
	Employer->Employer Address?*->Address->Address Self as "Employer Address Self"
	Employer->Employer Address?*->Address->Country as "Employer Address Country"
	Employer->Employer Address?*->Address->Locality as "Employer Address Locality"
	Employer->Employer Address?*->Address->Postal Code as "Employer Address Postal Code"
	Employer->Employer Address?*->Address->Region as "Employer Address Region"
	Employer->Employer Address?*->Address->Address Purpose*->Addr Purpose as "Employer Address Purpose Addr Purpose"
	Employer->Employer Address?*->Address->Address Street*->Street Line as "Employer Address Street Line"
Employment
	Employment->Person as "Person"
	Employment->Employer as "Employer"
	Employment->Create Date as "Create Date"
	Employment->Effective End Date as "Effective End Date"
	Employment->Effective Start Date as "Effective Start Date"
	Employment->Status as "Status"
Has Parent
	Has Parent->Person as "Person"
	Has Parent->Parent Person as "Parent Person"
Has Spouse
	Has Spouse->Person as "Person"
	Has Spouse->Spouse Person as "Spouse Person"
Person
	Person->Person ID[1.0] as "Person ID"
	Person->Birth Date as "Birth Date"
	Person->Ethnicity as "Ethnicity"
	Person->Gender as "Gender"
	Person->Name as "Name"
	Person->Name Variations->Name Variations Self as "Name Variations Self"
	Person->Name Variations->First Name as "Name Variations First Name"
	Person->Name Variations->Last Name as "Name Variations Last Name"
	Person->Name Variations->Formal Letter Name? as "Name Variations Formal Letter Name"
	Person->Name Variations->Informal Letter Name? as "Name Variations Informal Letter Name"
	Person->Name Variations->Legal Name? as "Name Variations Legal Name"
	Person->Name Variations->Maiden Name? as "Name Variations Maiden Name"
	Person->Name Variations->Middle Name? as "Name Variations Middle Name"
	Person->Name Variations->Nick Name? as "Name Variations Nick Name"
	Person->Name Variations->Sorted Name? as "Name Variations Sorted Name"
	Person->Online Name as "Online Name"
	Person->Shipping Preference as "Shipping Preference"
	Person->Status as "Status"
	Person->Person Address?*->Address->Address Self as "Person Address Self"
	Person->Person Address?*->Address->Country as "Person Address Country"
	Person->Person Address?*->Address->Locality as "Person Address Locality"
	Person->Person Address?*->Address->Postal Code as "Person Address Postal Code"
	Person->Person Address?*->Address->Region as "Person Address Region"
	Person->Person Address?*->Address->Address Purpose*->Addr Purpose as "Person Address Purpose Addr Purpose"
	Person->Person Address?*->Address->Address Street*->Street Line as "Person Address Street Line"
	Person->Person Phone?*->Phone->Phone Self as "Person Phone Self"
	Person->Person Phone?*->Phone->Phone Number as "Person Phone Number"
	Person->Person Phone?*->Phone->Phone Purpose?*->Purpose as "Person Phone Purpose"
